// Vitest Snapshot v1, https://vitest.dev/guide/snapshot.html

exports[`Given planets page component > When component is rendered > Then it should match the snapshot 1`] = `
<div
  data-v-app=""
>
  
  <div
    class="v-container v-locale--is-ltr"
  >
    <h2>
      Planets Database
    </h2>
  </div>
  <search-name-input-stub
    isloading="true"
  />
  <sort-buttons-stub
    isloading="true"
  />
  <table-wrapper-stub
    currentpage="1"
    isloading="true"
    pages="0"
  />
  
</div>
`;
